<html>
<body>
<pre>
<h1>µVision Build Log</h1>
<h2>Tool Versions:</h2>
IDE-Version: ¦ÌVision V5.35.0.0
Copyright (C) 2021 ARM Ltd and ARM Germany GmbH. All rights reserved.
License Information: zzc zzc, 123456, LIC=GMZI6-D4ZYI-01RP1-CTJY6-ZMP3C-RK9JV
 
Tool Versions:
Toolchain:       MDK-ARM Plus  Version: 5.35.0.2
Toolchain Path:  E:\mdk_arm\Keil_v5\ARM\ARMCC\Bin
C Compiler:      Armcc.exe V5.06 update 7 (build 960)
Assembler:       Armasm.exe V5.06 update 7 (build 960)
Linker/Locator:  ArmLink.exe V5.06 update 7 (build 960)
Library Manager: ArmAr.exe V5.06 update 7 (build 960)
Hex Converter:   FromElf.exe V5.06 update 7 (build 960)
CPU DLL:         SARMCM3.DLL V5.35.0.2
Dialog DLL:      DARMSTM.DLL V1.68.0.0
Target DLL:      UL2CM3.DLL V1.164.0.0
Dialog DLL:      TARMSTM.DLL V1.66.0.0
 
<h2>Project:</h2>
E:\mdk_arm\my_prj\sample2_project\project\my_sample2_prj.uvprojx
Project File Date:  05/06/2022

<h2>Output:</h2>
*** Using Compiler 'V5.06 update 7 (build 960)', folder: 'E:\mdk_arm\Keil_v5\ARM\ARMCC\Bin'
Rebuild target 'Target 1'
compiling heap_4.c...
compiling port.c...
compiling debugprint.c...
compiling list.c...
compiling timers.c...
compiling event_groups.c...
compiling tasks.c...
compiling queue.c...
compiling task2.c...
compiling core_cm3.c...
compiling stm32f10x_it.c...
compiling tim.c...
compiling main.c...
compiling led.c...
compiling adc.c...
compiling system_stm32f10x.c...
compiling stm32f10x_adc.c...
compiling stm32f10x_gpio.c...
compiling stm32f10x_exti.c...
compiling misc.c...
assembling startup_stm32f10x_hd.s...
compiling stm32f10x_rcc.c...
compiling stm32f10x_flash.c...
compiling stm32f10x_pwr.c...
compiling stm32f10x_rtc.c...
compiling stm32f10x_dma.c...
compiling stm32f10x_usart.c...
compiling stm32f10x_tim.c...
linking...
Program Size: Code=9956 RO-data=408 RW-data=124 ZI-data=18892  
FromELF: creating hex file...
".\Objects\my_sample2_prj.axf" - 0 Error(s), 0 Warning(s).

<h2>Software Packages used:</h2>

Package Vendor: Keil
                http://www.keil.com/pack/Keil.STM32F1xx_DFP.2.4.0.pack
                Keil.STM32F1xx_DFP.2.4.0
                STMicroelectronics STM32F1 Series Device Support, Drivers and Examples

<h2>Collection of Component include folders:</h2>
  E:\mdk_arm\Arm\Packs\Keil\STM32F1xx_DFP\2.4.0\Device\Include

<h2>Collection of Component Files used:</h2>
Build Time Elapsed:  00:00:01
</pre>
</body>
</html>
